reprise : 18 épisode(s) déjà dans D:\Projets_Info\chase_mas\.worktrees\jalon2-a1\results\jalon2_a1v3_local\journal.jsonl, 12 à jouer
seed 20: capturé=True pas=56 temps=8736.1s latence_moy=77995ms replis=0
seed 17: capturé=False pas=60 temps=11046.4s latence_moy=92048ms replis=0
seed 21: capturé=False pas=60 temps=13760.2s latence_moy=112131ms replis=0
seed 19: capturé=False pas=60 temps=14542.9s latence_moy=110571ms replis=1
seed 25: capturé=True pas=24 temps=5467.6s latence_moy=113906ms replis=0
seed 23: capturé=False pas=60 temps=12643.9s latence_moy=105364ms replis=0
seed 22: capturé=False pas=60 temps=15333.7s latence_moy=121286ms replis=0
seed 26: capturé=True pas=27 temps=5621.5s latence_moy=104101ms replis=0
seed 24: capturé=False pas=60 temps=14933.7s latence_moy=124447ms replis=0
seed 28: capturé=True pas=48 temps=9884.8s latence_moy=102966ms replis=0
seed 27: capturé=False pas=60 temps=13250.5s latence_moy=110421ms replis=0
seed 29: capturé=False pas=60 temps=11565.5s latence_moy=96379ms replis=0
Seeds 0..29 (30 épisodes), T = 60.

| Seed | Capture | Pas | Confinement à T | Temps mural (s) | Latence moy. (ms) | Replis |
|---|---|---|---|---|---|---|
| 0 | oui | 22 | 0.000 | 3870.0 | 87947 | 0 |
| 1 | oui | 19 | 0.000 | 2463.4 | 64818 | 0 |
| 2 | oui | 28 | 0.000 | 4199.4 | 74985 | 0 |
| 3 | oui | 58 | 0.000 | 5973.2 | 51491 | 0 |
| 4 | oui | 33 | 0.000 | 8357.5 | 126621 | 0 |
| 5 | oui | 25 | 0.000 | 6574.6 | 131482 | 0 |
| 6 | non | 60 | 0.061 | 24788.4 | 176534 | 1 |
| 7 | oui | 46 | 0.000 | 11536.8 | 125395 | 0 |
| 8 | oui | 30 | 0.000 | 8908.5 | 148474 | 0 |
| 9 | non | 60 | 0.020 | 15514.8 | 129289 | 0 |
| 10 | non | 60 | 0.010 | 13242.9 | 110357 | 0 |
| 11 | oui | 57 | 0.000 | 13623.0 | 119500 | 0 |
| 12 | oui | 26 | 0.000 | 5186.6 | 99742 | 0 |
| 13 | oui | 40 | 0.000 | 9489.6 | 118620 | 0 |
| 14 | non | 60 | 0.714 | 18018.2 | 150152 | 0 |
| 15 | oui | 10 | 0.000 | 4194.3 | 149649 | 0 |
| 16 | non | 60 | 0.010 | 16165.1 | 124697 | 0 |
| 17 | non | 60 | 0.010 | 11046.4 | 92048 | 0 |
| 18 | non | 60 | 0.857 | 12548.8 | 104573 | 0 |
| 19 | non | 60 | 0.622 | 14542.9 | 110571 | 1 |
| 20 | oui | 56 | 0.000 | 8736.1 | 77995 | 0 |
| 21 | non | 60 | 0.010 | 13760.2 | 112131 | 0 |
| 22 | non | 60 | 0.806 | 15333.7 | 121286 | 0 |
| 23 | non | 60 | 0.020 | 12643.9 | 105364 | 0 |
| 24 | non | 60 | 0.020 | 14933.7 | 124447 | 0 |
| 25 | oui | 24 | 0.000 | 5467.6 | 113906 | 0 |
| 26 | oui | 27 | 0.000 | 5621.5 | 104101 | 0 |
| 27 | non | 60 | 0.010 | 13250.5 | 110421 | 0 |
| 28 | oui | 48 | 0.000 | 9884.8 | 102966 | 0 |
| 29 | non | 60 | 0.010 | 11565.5 | 96379 | 0 |

Paramètres du jeu :

```json
{
  "size": 15,
  "n_loops": 1,
  "min_loop_len": 6,
  "n_pursuers": 2,
  "view_size": 5,
  "min_spawn_dist": 6,
  "max_steps": 60,
  "target_memory": 6,
  "target_cycle_bias": 0.5,
  "comm_delay": 1,
  "track_threshold": 8
}
```
