Warning: You are sending unauthenticated requests to the HF Hub. Please set a HF_TOKEN to enable higher rate limits and faster downloads.
seed 1: capturé=True pas=19 temps=1589.9s latence_moy=41790ms replis=0 msg_moy=0
seed 0: capturé=True pas=17 temps=1717.3s latence_moy=50451ms replis=0 msg_moy=0
seed 2: capturé=True pas=27 temps=2231.1s latence_moy=41280ms replis=0 msg_moy=0
seed 5: capturé=True pas=25 temps=2289.6s latence_moy=45750ms replis=0 msg_moy=0
seed 4: capturé=True pas=33 temps=2967.8s latence_moy=44934ms replis=0 msg_moy=0
seed 7: capturé=True pas=38 temps=4451.8s latence_moy=58547ms replis=0 msg_moy=0
seed 8: capturé=True pas=28 temps=2966.6s latence_moy=52966ms replis=0 msg_moy=0
seed 12: capturé=True pas=26 temps=2218.5s latence_moy=42656ms replis=0 msg_moy=0
seed 3: capturé=True pas=58 temps=5921.2s latence_moy=51023ms replis=0 msg_moy=0
seed 10: capturé=False pas=60 temps=4866.3s latence_moy=40545ms replis=0 msg_moy=0
seed 13: capturé=True pas=34 temps=4330.6s latence_moy=63676ms replis=0 msg_moy=0
seed 11: capturé=True pas=57 temps=7070.0s latence_moy=62008ms replis=0 msg_moy=0
seed 9: capturé=False pas=60 temps=7880.5s latence_moy=65662ms replis=0 msg_moy=0
seed 16: capturé=True pas=51 temps=4017.7s latence_moy=39380ms replis=0 msg_moy=0
seed 6: capturé=False pas=60 temps=10019.7s latence_moy=78834ms replis=0 msg_moy=0
seed 15: capturé=False pas=60 temps=6349.3s latence_moy=52902ms replis=0 msg_moy=0
seed 14: capturé=False pas=60 temps=8098.9s latence_moy=62828ms replis=0 msg_moy=0
seed 17: capturé=True pas=42 temps=5698.7s latence_moy=67831ms replis=0 msg_moy=0
seed 18: capturé=True pas=51 temps=4960.0s latence_moy=48619ms replis=0 msg_moy=0
seed 20: capturé=True pas=56 temps=5401.3s latence_moy=48217ms replis=0 msg_moy=0
seed 25: capturé=True pas=24 temps=2726.5s latence_moy=56793ms replis=0 msg_moy=0
seed 26: capturé=True pas=27 temps=2280.3s latence_moy=42219ms replis=0 msg_moy=0
seed 23: capturé=False pas=60 temps=5043.2s latence_moy=42020ms replis=0 msg_moy=0
seed 21: capturé=False pas=60 temps=6869.8s latence_moy=57239ms replis=0 msg_moy=0
seed 24: capturé=True pas=34 temps=4154.5s latence_moy=61086ms replis=0 msg_moy=0
seed 19: capturé=False pas=60 temps=7468.9s latence_moy=62232ms replis=0 msg_moy=0
seed 22: capturé=False pas=60 temps=8308.2s latence_moy=64096ms replis=0 msg_moy=0
seed 28: capturé=True pas=50 temps=3328.8s latence_moy=33280ms replis=0 msg_moy=0
seed 29: capturé=False pas=60 temps=3653.4s latence_moy=28315ms replis=0 msg_moy=0
seed 27: capturé=False pas=60 temps=5136.2s latence_moy=42791ms replis=0 msg_moy=0
Bras A1bis. Seeds 0..29 (30 épisodes), T = 60.

| Seed | Capture | Pas | Confinement à T | Confinement moyen | Temps mural (s) | Latence moy. (ms) | Replis | Positions/message |
|---|---|---|---|---|---|---|---|---|
| 0 | oui | 17 | 0.000 | 0.133 | 1717.3 | 50451 | 0 | 0 |
| 1 | oui | 19 | 0.000 | 0.148 | 1589.9 | 41790 | 0 | 0 |
| 2 | oui | 27 | 0.000 | 0.037 | 2231.1 | 41280 | 0 | 0 |
| 3 | oui | 58 | 0.000 | 0.408 | 5921.2 | 51023 | 0 | 0 |
| 4 | oui | 33 | 0.000 | 0.086 | 2967.8 | 44934 | 0 | 0 |
| 5 | oui | 25 | 0.000 | 0.204 | 2289.6 | 45750 | 0 | 0 |
| 6 | non | 60 | 0.051 | 0.640 | 10019.7 | 78834 | 0 | 0 |
| 7 | oui | 38 | 0.000 | 0.377 | 4451.8 | 58547 | 0 | 0 |
| 8 | oui | 28 | 0.000 | 0.228 | 2966.6 | 52966 | 0 | 0 |
| 9 | non | 60 | 0.796 | 0.739 | 7880.5 | 65662 | 0 | 0 |
| 10 | non | 60 | 0.010 | 0.213 | 4866.3 | 40545 | 0 | 0 |
| 11 | oui | 57 | 0.000 | 0.488 | 7070.0 | 62008 | 0 | 0 |
| 12 | oui | 26 | 0.000 | 0.211 | 2218.5 | 42656 | 0 | 0 |
| 13 | oui | 34 | 0.000 | 0.236 | 4330.6 | 63676 | 0 | 0 |
| 14 | non | 60 | 0.643 | 0.721 | 8098.9 | 62828 | 0 | 0 |
| 15 | non | 60 | 0.827 | 0.800 | 6349.3 | 52902 | 0 | 0 |
| 16 | oui | 51 | 0.000 | 0.365 | 4017.7 | 39380 | 0 | 0 |
| 17 | oui | 42 | 0.000 | 0.272 | 5698.7 | 67831 | 0 | 0 |
| 18 | oui | 51 | 0.000 | 0.255 | 4960.0 | 48619 | 0 | 0 |
| 19 | non | 60 | 0.459 | 0.672 | 7468.9 | 62232 | 0 | 0 |
| 20 | oui | 56 | 0.000 | 0.426 | 5401.3 | 48217 | 0 | 0 |
| 21 | non | 60 | 0.010 | 0.551 | 6869.8 | 57239 | 0 | 0 |
| 22 | non | 60 | 0.010 | 0.576 | 8308.2 | 64096 | 0 | 0 |
| 23 | non | 60 | 0.010 | 0.158 | 5043.2 | 42020 | 0 | 0 |
| 24 | oui | 34 | 0.000 | 0.137 | 4154.5 | 61086 | 0 | 0 |
| 25 | oui | 24 | 0.000 | 0.056 | 2726.5 | 56793 | 0 | 0 |
| 26 | oui | 27 | 0.000 | 0.157 | 2280.3 | 42219 | 0 | 0 |
| 27 | non | 60 | 0.724 | 0.679 | 5136.2 | 42791 | 0 | 0 |
| 28 | oui | 50 | 0.000 | 0.369 | 3328.8 | 33280 | 0 | 0 |
| 29 | non | 60 | 0.010 | 0.213 | 3653.4 | 28315 | 0 | 0 |

Paramètres du jeu :

```json
{
  "size": 15,
  "n_loops": 1,
  "min_loop_len": 6,
  "n_pursuers": 2,
  "view_size": 5,
  "min_spawn_dist": 6,
  "max_steps": 60,
  "target_memory": 6,
  "target_cycle_bias": 0.5,
  "comm_delay": 1,
  "track_threshold": 8
}
```
