seed 4: capturé=True pas=33 temps=2681.0s latence_moy=40212ms replis=0
seed 1: capturé=True pas=32 temps=2739.0s latence_moy=38271ms replis=0
seed 6: capturé=True pas=40 temps=2897.2s latence_moy=35880ms replis=0
seed 2: capturé=False pas=60 temps=3998.8s latence_moy=33090ms replis=0
seed 3: capturé=False pas=60 temps=4323.8s latence_moy=35793ms replis=0
seed 7: capturé=True pas=52 temps=4367.5s latence_moy=41723ms replis=0
seed 0: capturé=False pas=60 temps=4535.6s latence_moy=37560ms replis=0
seed 11: capturé=True pas=10 temps=732.2s latence_moy=36590ms replis=0
seed 5: capturé=False pas=60 temps=5170.8s latence_moy=40663ms replis=0
seed 12: capturé=True pas=25 temps=1848.6s latence_moy=36953ms replis=0
seed 8: capturé=True pas=46 temps=4193.6s latence_moy=44082ms replis=0
seed 13: capturé=True pas=43 temps=3304.5s latence_moy=36806ms replis=0
seed 10: capturé=False pas=60 temps=4872.0s latence_moy=39447ms replis=0
seed 9: capturé=False pas=60 temps=5531.1s latence_moy=46084ms replis=0
seed 14: capturé=False pas=60 temps=5016.9s latence_moy=41798ms replis=0
seed 15: capturé=False pas=60 temps=4921.2s latence_moy=41002ms replis=0
seed 16: capturé=False pas=60 temps=4825.6s latence_moy=40209ms replis=0
seed 20: capturé=True pas=31 temps=2376.4s latence_moy=38325ms replis=0
seed 18: capturé=False pas=60 temps=4202.3s latence_moy=35016ms replis=0
seed 17: capturé=False pas=60 temps=5520.7s latence_moy=46003ms replis=0
seed 19: capturé=False pas=60 temps=4769.3s latence_moy=38544ms replis=0
seed 21: capturé=False pas=60 temps=4469.8s latence_moy=37245ms replis=0
seed 22: capturé=False pas=60 temps=4441.9s latence_moy=37012ms replis=0
seed 24: capturé=False pas=60 temps=4517.5s latence_moy=37643ms replis=0
seed 25: capturé=False pas=60 temps=4480.2s latence_moy=37332ms replis=0
seed 23: capturé=False pas=60 temps=4993.7s latence_moy=40472ms replis=0
seed 26: capturé=False pas=60 temps=4146.1s latence_moy=34548ms replis=0
seed 27: capturé=False pas=60 temps=3869.7s latence_moy=32244ms replis=0
seed 28: capturé=False pas=60 temps=3417.3s latence_moy=28474ms replis=0
seed 29: capturé=False pas=60 temps=3129.3s latence_moy=26074ms replis=0
Seeds 0..29 (30 épisodes), T = 60.

| Seed | Capture | Pas | Confinement à T | Temps mural (s) | Latence moy. (ms) | Replis |
|---|---|---|---|---|---|---|
| 0 | non | 60 | 0.010 | 4535.6 | 37560 | 0 |
| 1 | oui | 32 | 0.000 | 2739.0 | 38271 | 0 |
| 2 | non | 60 | 0.816 | 3998.8 | 33090 | 0 |
| 3 | non | 60 | 0.449 | 4323.8 | 35793 | 0 |
| 4 | oui | 33 | 0.000 | 2681.0 | 40212 | 0 |
| 5 | non | 60 | 0.010 | 5170.8 | 40663 | 0 |
| 6 | oui | 40 | 0.000 | 2897.2 | 35880 | 0 |
| 7 | oui | 52 | 0.000 | 4367.5 | 41723 | 0 |
| 8 | oui | 46 | 0.000 | 4193.6 | 44082 | 0 |
| 9 | non | 60 | 0.745 | 5531.1 | 46084 | 0 |
| 10 | non | 60 | 0.010 | 4872.0 | 39447 | 0 |
| 11 | oui | 10 | 0.000 | 732.2 | 36590 | 0 |
| 12 | oui | 25 | 0.000 | 1848.6 | 36953 | 0 |
| 13 | oui | 43 | 0.000 | 3304.5 | 36806 | 0 |
| 14 | non | 60 | 0.010 | 5016.9 | 41798 | 0 |
| 15 | non | 60 | 0.724 | 4921.2 | 41002 | 0 |
| 16 | non | 60 | 0.765 | 4825.6 | 40209 | 0 |
| 17 | non | 60 | 0.745 | 5520.7 | 46003 | 0 |
| 18 | non | 60 | 0.857 | 4202.3 | 35016 | 0 |
| 19 | non | 60 | 0.010 | 4769.3 | 38544 | 0 |
| 20 | oui | 31 | 0.000 | 2376.4 | 38325 | 0 |
| 21 | non | 60 | 0.827 | 4469.8 | 37245 | 0 |
| 22 | non | 60 | 0.020 | 4441.9 | 37012 | 0 |
| 23 | non | 60 | 0.816 | 4993.7 | 40472 | 0 |
| 24 | non | 60 | 0.010 | 4517.5 | 37643 | 0 |
| 25 | non | 60 | 0.010 | 4480.2 | 37332 | 0 |
| 26 | non | 60 | 0.010 | 4146.1 | 34548 | 0 |
| 27 | non | 60 | 0.735 | 3869.7 | 32244 | 0 |
| 28 | non | 60 | 0.827 | 3417.3 | 28474 | 0 |
| 29 | non | 60 | 0.010 | 3129.3 | 26074 | 0 |

Paramètres du jeu :

```json
{
  "size": 15,
  "n_loops": 1,
  "min_loop_len": 6,
  "n_pursuers": 2,
  "view_size": 5,
  "min_spawn_dist": 6,
  "max_steps": 60,
  "target_memory": 6,
  "target_cycle_bias": 0.5,
  "comm_delay": 1,
  "track_threshold": 8
}
```
